E:\SEN-T\SEN-T PAZAR\Properties\launchSettings.json içindeki başlatma ayarları kullanılıyor...
Derleniyor...
info: Microsoft.EntityFrameworkCore.Database.Command[20101]
      Executed DbCommand (16ms) [Parameters=[], CommandType='Text', CommandTimeout='30']
      SELECT COUNT(*) FROM "sqlite_master" WHERE "type" = 'table' AND "rootpage" IS NOT NULL;
info: Microsoft.EntityFrameworkCore.Database.Command[20101]
      Executed DbCommand (3ms) [Parameters=[@__normalizedName_0='?' (Size = 5)], CommandType='Text', CommandTimeout='30']
      SELECT "a"."Id", "a"."ConcurrencyStamp", "a"."Name", "a"."NormalizedName"
      FROM "AspNetRoles" AS "a"
      WHERE "a"."NormalizedName" = @__normalizedName_0
      LIMIT 1
info: Microsoft.EntityFrameworkCore.Database.Command[20101]
      Executed DbCommand (0ms) [Parameters=[@__normalizedEmail_0='?' (Size = 20)], CommandType='Text', CommandTimeout='30']
      SELECT "a"."Id", "a"."AccessFailedCount", "a"."AddressLine", "a"."AvatarUrl", "a"."City", "a"."CompanyAddress", "a"."CompanyLogoUrl", "a"."CompanyMersisNumber", "a"."CompanyName", "a"."CompanyPhone", "a"."CompanyTaxNumber", "a"."CompanyTaxOffice", "a"."CompanyWebSite", "a"."ConcurrencyStamp", "a"."CorporateApprovalDate", "a"."CorporateNote", "a"."Email", "a"."EmailConfirmed", "a"."EmailNotifications", "a"."FeaturedListingsIncluded", "a"."FeaturedListingsUsed", "a"."FullName", "a"."IsCorporateApproved", "a"."IsCorporateMember", "a"."IsSubscriptionActive", "a"."ListingsRemainingThisMonth", "a"."LockoutEnabled", "a"."LockoutEnd", "a"."NormalizedEmail", "a"."NormalizedUserName", "a"."PasswordHash", "a"."PhoneNumber", "a"."PhoneNumberConfirmed", "a"."SecurityStamp", "a"."SmsNotifications", "a"."SubscriptionEndDate", "a"."SubscriptionPlan", "a"."SubscriptionStartDate", "a"."TotalListingsAllowed", "a"."TwoFactorEnabled", "a"."UserName", "a"."VitrinListingsIncluded", "a"."VitrinListingsUsed"
      FROM "AspNetUsers" AS "a"
      WHERE "a"."NormalizedEmail" = @__normalizedEmail_0
      LIMIT 2
info: Microsoft.EntityFrameworkCore.Database.Command[20101]
      Executed DbCommand (0ms) [Parameters=[@__normalizedRoleName_0='?' (Size = 5)], CommandType='Text', CommandTimeout='30']
      SELECT "a"."Id", "a"."ConcurrencyStamp", "a"."Name", "a"."NormalizedName"
      FROM "AspNetRoles" AS "a"
      WHERE "a"."NormalizedName" = @__normalizedRoleName_0
      LIMIT 2
info: Microsoft.EntityFrameworkCore.Database.Command[20101]
      Executed DbCommand (0ms) [Parameters=[@__p_0='?' (Size = 36), @__p_1='?' (Size = 36)], CommandType='Text', CommandTimeout='30']
      SELECT "a"."UserId", "a"."RoleId"
      FROM "AspNetUserRoles" AS "a"
      WHERE "a"."UserId" = @__p_0 AND "a"."RoleId" = @__p_1
      LIMIT 1
info: Microsoft.EntityFrameworkCore.Database.Command[20101]
      Executed DbCommand (0ms) [Parameters=[], CommandType='Text', CommandTimeout='30']
      SELECT EXISTS (
          SELECT 1
          FROM "PricingPackages" AS "p")
info: Microsoft.Hosting.Lifetime[14]
      Now listening on: http://localhost:5081
info: Microsoft.Hosting.Lifetime[0]
      Application started. Press Ctrl+C to shut down.
info: Microsoft.Hosting.Lifetime[0]
      Hosting environment: Development
info: Microsoft.Hosting.Lifetime[0]
      Content root path: E:\SEN-T\SEN-T PAZAR
